gplink-0.13.7 beta
Map File - Created 2-17-2025  18:00:35
 
                                 Section Info
                  Section       Type    Address   Location Size(Bytes)
                ---------  ---------  ---------  ---------  ---------
                   .org_0       code   00000000    program   0x000002
                   .org_4       code   0x000004    program   0x00047a
 
                              Program Memory Usage
                               Start         End
                           ---------   ---------
                            00000000    00000000
                            0x000004    0x000240
 
                            574 program addresses used
 
                              Symbols
                     Name    Address   Location    Storage File
                ---------  ---------  ---------  --------- ---------
                    START   0x000005    program     static main.asm
                     MAIN   0x00000f    program     static main.asm
                      IRQ   0x000010    program     static main.asm
                 IRQ_EXIT   0x00001f    program     static main.asm
              System_Init   0x000026    program     static Init.inc
               RamInitial   0x00003a    program     static Init.inc
                 NEXTBYTE   0x00003f    program     static Init.inc
               NEXTBYTE_1   0x000046    program     static Init.inc
              PortInitial   0x00004c    program     static Init.inc
              ADC_Initial   0x000060    program     static Init.inc
              PWM_Initial   0x00006a    program     static Init.inc
              TIM_Initial   0x000088    program     static Init.inc
           T0_IRQ_Handler   0x00009c    program     static IRQHandler.inc
              L_32Hz_Juge   0x00009e    program     static IRQHandler.inc
              L_16Hz_Juge   0x0000a1    program     static IRQHandler.inc
               L_4Hz_Juge   0x0000a7    program     static IRQHandler.inc
               L_2Hz_Juge   0x0000ad    program     static IRQHandler.inc
        T0_Counter_Reload   0x0000b5    program     static IRQHandler.inc
           T1_IRQ_Handler   0x0000ba    program     static IRQHandler.inc
              COM_Display   0x0000c4    program     static IRQHandler.inc
           PA_IRQ_Handler   0x0000c7    program     static IRQHandler.inc
           PortA_PressKey   0x0000cf    program     static IRQHandler.inc
         PortA_ReleaseKey   0x0000d2    program     static IRQHandler.inc
    PortA_ReleaseKey_Exit   0x0000d8    program     static IRQHandler.inc
           PB_IRQ_Handler   0x0000d9    program     static IRQHandler.inc
           PF_IRQ_Handler   0x0000db    program     static IRQHandler.inc
             F_KeyHandler   0x0000dd    program     static KeyHandler.inc
                 L_Key4Hz   0x0000ea    program     static KeyHandler.inc
                L_KeyScan   0x0000ed    program     static KeyHandler.inc
          L_SNZ_LongPress   0x0000fb    program     static KeyHandler.inc
                LongPress   0x0000fc    program     static KeyHandler.inc
                L_QuikAdd   0x000103    program     static KeyHandler.inc
              L_KeyHandle   0x000105    program     static KeyHandler.inc
         L_KeyHandle_Over   0x00010f    program     static KeyHandler.inc
                L_KeyExit   0x000114    program     static KeyHandler.inc
      F_SpecialKey_Handle   0x000115    program     static KeyHandler.inc
       L_KeyM_ShortHandle   0x000125    program     static KeyHandler.inc
       L_KeyA_ShortHandle   0x000126    program     static KeyHandler.inc
       L_KeyB_ShortHandle   0x000127    program     static KeyHandler.inc
       L_KeyU_ShortHandle   0x000128    program     static KeyHandler.inc
       L_KeyD_ShortHandle   0x000129    program     static KeyHandler.inc
            L_KeyMTrigger   0x00012a    program     static KeyHandler.inc
            L_KeyATrigger   0x00012b    program     static KeyHandler.inc
            L_KeyBTrigger   0x00012c    program     static KeyHandler.inc
            L_KeyUTrigger   0x00012d    program     static KeyHandler.inc
            L_KeyDTrigger   0x00012e    program     static KeyHandler.inc
               F_KeyDelay   0x00012f    program     static KeyHandler.inc
           _.org_4_000133   0x000133    program     static KeyHandler.inc
               L_Key_Beep   0x000135    program     static KeyHandler.inc
                 Led_byte   0x000138    program     static LedTable.inc
                  Led_bit   0x000158    program     static LedTable.inc
             F_FillScreen   0x000178    program     static Dis.inc
            F_ClearScreen   0x00017b    program     static Dis.inc
                L_FillLed   0x00017d    program     static Dis.inc
             F_7Digit_Dis   0x000182    program     static Dis.inc
     L_DRAM_OprationStart   0x000192    program     static Dis.inc
            L_DRAM_ClrBit   0x0001b1    program     static Dis.inc
      L_DRAM_OprationJuge   0x0001b9    program     static Dis.inc
             F_6Digit_Dis   0x0001bd    program     static Dis.inc
        Table_6Digit_Jump   0x0001c4    program     static Dis.inc
                L_D0_Dis0   0x0001ca    program     static Dis.inc
                L_D0_Dis1   0x0001cb    program     static Dis.inc
                L_D0_Dis2   0x0001d0    program     static Dis.inc
            L_D0_DisMinus   0x0001d5    program     static Dis.inc
              F_DisSymbol   0x0001d8    program     static Dis.inc
              F_ClrSymbol   0x0001db    program     static Dis.inc
          F_DisSymbol_Com   0x0001df    program     static Dis.inc
        L_Send_Buffer_COM   0x0001fb    program     static Dis.inc
           L_Sending_Loop   0x000213    program     static Dis.inc
                 L_Send_0   0x000219    program     static Dis.inc
             L_CLK_Change   0x00021a    program     static Dis.inc
              L_COM0_Send   0x000233    program     static Dis.inc
         Table_7bit_Digit   0x000236    program     static Dis.inc
 
